// Jest Snapshot v1, https://goo.gl/fbAQLP

exports[`matches snapshot 1`] = `
<DocumentFragment>
  <div>
    <h1>
      Profile
    </h1>
    <form>
      <div>
        <label
          for="username"
        >
          Username
        </label>
        <p>
          testuser
        </p>
      </div>
      <div>
         
        <label
          for="firstName"
        >
          First Name
        </label>
        <input
          id="firstName"
          name="firstName"
          type="text"
          value=""
        />
      </div>
      <div>
        <label
          for="lastName"
        >
          Last name
        </label>
        <input
          id="lastName"
          name="lastName"
          type="text"
          value=""
        />
      </div>
      <div>
        <label
          for="email"
        >
          Email
        </label>
        <input
          id="email"
          name="email"
          type="email"
          value="test@test.net"
        />
      </div>
      <div>
        <label
          for="password"
        >
          Password
        </label>
        <input
          id="password"
          name="password"
          type="text"
          value=""
        />
      </div>
      <button>
        Submit
      </button>
    </form>
  </div>
</DocumentFragment>
`;
