// Jest Snapshot v1, https://goo.gl/fbAQLP

exports[`matches snapshot 1`] = `
<DocumentFragment>
  <div>
    <h1>
      The page you're looking for doesn't exist
    </h1>
  </div>
</DocumentFragment>
`;
